%!Adobe-FontList 1.07

%BeginFont
Handler:DirectoryHandler
FontType:CID
FontName:AdobeMingStd-Light-Acro
FamilyName:Adobe Ming Std Acro
StyleName:L
FullName:Adobe Ming Std Acro L
FamilyNameNative:Adobe ©˙≈È Std Acro
StyleNameNative:L
FullNameNative:Adobe ©˙≈È Std Acro L
WritingScript:TraditionalChinese
OutlineFileName:C:\file-converter\Support\Font\AdobeMingStd-Light-Acro.otf
DataFormat:sfntData
isCFF:yes
FileLength:7655536
WeightClass:300
WidthClass:5
AngleClass:0
%EndFont

%BeginFont
Handler:DirectoryHandler
FontType:CID
FontName:AdobeMyungjoStd-Medium-Acro
FamilyName:Adobe Myungjo Std Acro
StyleName:M
FullName:Adobe Myungjo Std Acro M
FamilyNameNative:Adobe ∏Ì¡∂ Std Acro
StyleNameNative:M
FullNameNative:Adobe ∏Ì¡∂ Std Acro M
WritingScript:Korean
OutlineFileName:C:\file-converter\Support\Font\AdobeMyungjoStd-Medium-Acro.otf
DataFormat:sfntData
isCFF:yes
FileLength:3954340
WeightClass:500
WidthClass:5
AngleClass:0
%EndFont

%BeginFont
Handler:DirectoryHandler
FontType:Type1
FontName:AdobePiStd
FamilyName:Adobe Pi Std
StyleName:Regular
FullName:Adobe Pi Std
WritingScript:Roman
OutlineFileName:C:\file-converter\Support\Font\AdobePiStd.otf
DataFormat:sfntData
UsesStandardEncoding:yes
isCFF:yes
FileLength:89660
WeightClass:400
WidthClass:5
AngleClass:0
%EndFont

%BeginFont
Handler:DirectoryHandler
FontType:CID
FontName:AdobeSongStd-Light-Acro
FamilyName:Adobe Song Std Acro
StyleName:L
FullName:Adobe Song Std Acro L
FamilyNameNative:Adobe ÀŒÃÂ Std Acro
StyleNameNative:L
FullNameNative:Adobe ÀŒÃÂ Std Acro L
WritingScript:SimplifiedChinese
OutlineFileName:C:\file-converter\Support\Font\AdobeSongStd-Light-Acro.otf
DataFormat:sfntData
isCFF:yes
FileLength:15307840
WeightClass:300
WidthClass:5
AngleClass:0
%EndFont

%BeginFont
Handler:DirectoryHandler
FontType:Type1
FontName:Courier-BoldOblique
FamilyName:Courier
StyleName:Bold Oblique
FullName:Courier Bold Oblique
WritingScript:Roman
OutlineFileName:C:\file-converter\Support\Font\cobo____.pfb
DataFormat:Plain
UsesStandardEncoding:yes
isCFF:no
FileLength:50532
WeightClass:700
WidthClass:5
AngleClass:1
%EndFont

%BeginFont
Handler:DirectoryHandler
FontType:PFM
FontName:Courier-BoldOblique
NumMMAxes:0
OutlineFileName:C:\file-converter\Support\Font\cobo____.pfm
FileLength:686
%EndFont

%BeginFont
Handler:DirectoryHandler
FontType:Type1
FontName:Courier-Bold
FamilyName:Courier
StyleName:Bold
FullName:Courier Bold
WritingScript:Roman
OutlineFileName:C:\file-converter\Support\Font\cob_____.pfb
DataFormat:Plain
UsesStandardEncoding:yes
isCFF:no
FileLength:35500
WeightClass:700
WidthClass:5
AngleClass:0
%EndFont

%BeginFont
Handler:DirectoryHandler
FontType:PFM
FontName:Courier-Bold
NumMMAxes:0
OutlineFileName:C:\file-converter\Support\Font\cob_____.pfm
FileLength:679
%EndFont

%BeginFont
Handler:DirectoryHandler
FontType:Type1
FontName:Courier
FamilyName:Courier
StyleName:Regular
FullName:Courier
WritingScript:Roman
OutlineFileName:C:\file-converter\Support\Font\com_____.pfb
DataFormat:Plain
UsesStandardEncoding:yes
isCFF:no
FileLength:34585
WeightClass:400
WidthClass:5
AngleClass:0
%EndFont

%BeginFont
Handler:DirectoryHandler
FontType:PFM
FontName:Courier
NumMMAxes:0
OutlineFileName:C:\file-converter\Support\Font\com_____.pfm
FileLength:674
%EndFont

%BeginFont
Handler:DirectoryHandler
FontType:Type1
FontName:Courier-Oblique
FamilyName:Courier
StyleName:Oblique
FullName:Courier Oblique
WritingScript:Roman
OutlineFileName:C:\file-converter\Support\Font\coo_____.pfb
DataFormat:Plain
UsesStandardEncoding:yes
isCFF:no
FileLength:48468
WeightClass:400
WidthClass:5
AngleClass:1
%EndFont

%BeginFont
Handler:DirectoryHandler
FontType:PFM
FontName:Courier-Oblique
NumMMAxes:0
OutlineFileName:C:\file-converter\Support\Font\coo_____.pfm
FileLength:682
%EndFont

%BeginFont
Handler:DirectoryHandler
FontType:CID
FontName:KozGoPro-Medium-Acro
FamilyName:Kozuka Gothic Pro Acro
StyleName:M
FullName:Kozuka Gothic Pro Acro M
FamilyNameNative:è¨íÀÉSÉVÉbÉN Pro Acro
StyleNameNative:M
FullNameNative:è¨íÀÉSÉVÉbÉN Pro Acro M
WritingScript:Japanese
OutlineFileName:C:\file-converter\Support\Font\KozGoPro-Medium-Acro.otf
DataFormat:sfntData
isCFF:yes
FileLength:3311780
WeightClass:500
WidthClass:5
AngleClass:0
%EndFont

%BeginFont
Handler:DirectoryHandler
FontType:CID
FontName:KozMinPro-Regular-Acro
FamilyName:Kozuka Mincho Pro Acro
StyleName:R
FullName:Kozuka Mincho Pro Acro R
FamilyNameNative:è¨íÀñæí© Pro Acro
StyleNameNative:R
FullNameNative:è¨íÀñæí© Pro Acro R
WritingScript:Japanese
OutlineFileName:C:\file-converter\Support\Font\KozMinPro-Regular-Acro.otf
DataFormat:sfntData
isCFF:yes
FileLength:4041500
WeightClass:400
WidthClass:5
AngleClass:0
%EndFont

%BeginFont
Handler:DirectoryHandler
FontType:Type1
FontName:Symbol
FamilyName:Symbol
StyleName:Regular
FullName:Symbol
WritingScript:Roman
OutlineFileName:C:\file-converter\Support\Font\sy______.pfb
DataFormat:Plain
UsesStandardEncoding:no
isCFF:no
FileLength:34705
WeightClass:400
WidthClass:5
AngleClass:0
%EndFont

%BeginFont
Handler:DirectoryHandler
FontType:PFM
FontName:Symbol
NumMMAxes:0
OutlineFileName:C:\file-converter\Support\Font\sy______.pfm
FileLength:672
%EndFont

%BeginFont
Handler:DirectoryHandler
FontType:PFM
FontName:AdobeSansMM
NumMMAxes:2
OutlineFileName:C:\file-converter\Support\Font\zx______.mmm
FileLength:7248
%EndFont

%BeginFont
Handler:DirectoryHandler
FontType:Type1
FontName:AdobeSansMM
FamilyName:Adobe Sans MM
StyleName:Regular
FullName:Adobe Sans MM
WritingScript:Roman
OutlineFileName:C:\file-converter\Support\Font\zx______.pfb
DataFormat:Plain
MMAxisName:Weight
MMAxisName:Width
UsesStandardEncoding:yes
isCFF:no
FileLength:75573
WeightClass:400
WidthClass:5
AngleClass:0
%EndFont

%BeginFont
Handler:DirectoryHandler
FontType:PFM
FontName:AdobeSansMM
NumMMAxes:0
OutlineFileName:C:\file-converter\Support\Font\zx______.pfm
FileLength:683
%EndFont

%BeginFont
Handler:DirectoryHandler
FontType:PFM
FontName:AdobeSerifMM
NumMMAxes:2
OutlineFileName:C:\file-converter\Support\Font\zy______.mmm
FileLength:7248
%EndFont

%BeginFont
Handler:DirectoryHandler
FontType:Type1
FontName:AdobeSerifMM
FamilyName:Adobe Serif MM
StyleName:Regular
FullName:Adobe Serif MM
WritingScript:Roman
OutlineFileName:C:\file-converter\Support\Font\zy______.pfb
DataFormat:Plain
MMAxisName:Weight
MMAxisName:Width
UsesStandardEncoding:yes
isCFF:no
FileLength:96418
WeightClass:400
WidthClass:5
AngleClass:0
%EndFont

%BeginFont
Handler:DirectoryHandler
FontType:PFM
FontName:AdobeSerifMM
NumMMAxes:0
OutlineFileName:C:\file-converter\Support\Font\zy______.pfm
FileLength:684
%EndFont

